// Jest Snapshot v1, https://goo.gl/fbAQLP

exports[`Home/SkillSection/Skill should render 1`] = `
<li
  class="skill-item"
>
  <div
    class="skill-item-img-content"
  >
    <img
      alt="skill know job with require yarn developer"
      class="skill-item-img"
      src=""
    />
  </div>
</li>
`;
