// Jest Snapshot v1, https://goo.gl/fbAQLP

exports[`Job should render a single job 1`] = `
<div
  class="job-content"
  data-id-test="a-job-test"
>
  <h3
    class="job-company"
  >
    test
  </h3>
  <h4
    class="job-title"
  >
    Role: 
    test
  </h4>
  <p
    class="job-description"
  >
    test
  </p>
</div>
`;
